// Jest Snapshot v1, https://goo.gl/fbAQLP

exports[`EuiBeacon is rendered 1`] = `
<div
  aria-label="aria-label"
  class="euiBeacon testClass1 testClass2"
  data-test-subj="test subject string"
  style="height:12px;width:12px"
/>
`;
